[Wed Aug 12 22:14:46.901888 2020] [:error] [pid 4712:tid 980] [client 139.199.184.166:60757] script 'C:/wamp/www/pop.php' not found or unable to stat
[Wed Aug 12 22:14:58.977073 2020] [:error] [pid 4712:tid 980] [client 139.199.184.166:65160] script 'C:/wamp/www/ok.php' not found or unable to stat
[Wed Aug 12 22:14:59.370666 2020] [:error] [pid 4712:tid 980] [client 139.199.184.166:65160] script 'C:/wamp/www/test.php' not found or unable to stat
[Wed Aug 12 22:15:02.908992 2020] [:error] [pid 4712:tid 980] [client 139.199.184.166:65160] script 'C:/wamp/www/conf.php' not found or unable to stat
[Wed Aug 12 22:15:22.995238 2020] [:error] [pid 4712:tid 980] [client 139.199.184.166:51177] script 'C:/wamp/www/dashu.php' not found or unable to stat
[Wed Aug 12 22:15:23.224584 2020] [:error] [pid 4712:tid 980] [client 139.199.184.166:51177] script 'C:/wamp/www/shell.php' not found or unable to stat
[Wed Aug 12 22:15:24.997250 2020] [:error] [pid 4712:tid 980] [client 139.199.184.166:51177] script 'C:/wamp/www/queqiao.php' not found or unable to stat
[Wed Aug 12 22:15:27.706332 2020] [:error] [pid 4712:tid 980] [client 139.199.184.166:51177] script 'C:/wamp/www/12345.php' not found or unable to stat
[Wed Aug 12 22:15:27.938682 2020] [:error] [pid 4712:tid 980] [client 139.199.184.166:51177] script 'C:/wamp/www/qqq.php' not found or unable to stat
[Wed Aug 12 22:15:29.606192 2020] [:error] [pid 4712:tid 980] [client 139.199.184.166:51177] script 'C:/wamp/www/15.php' not found or unable to stat
[Wed Aug 12 22:15:29.929677 2020] [:error] [pid 4712:tid 980] [client 139.199.184.166:51177] script 'C:/wamp/www/slider.php' not found or unable to stat
[Wed Aug 12 22:15:30.936193 2020] [:error] [pid 4712:tid 980] [client 139.199.184.166:51177] script 'C:/wamp/www/qunhuang.php' not found or unable to stat
[Wed Aug 12 22:15:31.166540 2020] [:error] [pid 4712:tid 980] [client 139.199.184.166:51177] script 'C:/wamp/www/hannan.php' not found or unable to stat
[Wed Aug 12 22:15:31.417919 2020] [:error] [pid 4712:tid 980] [client 139.199.184.166:51177] script 'C:/wamp/www/confie.php' not found or unable to stat
[Wed Aug 12 22:15:31.647265 2020] [:error] [pid 4712:tid 980] [client 139.199.184.166:51177] script 'C:/wamp/www/igo.php' not found or unable to stat
[Wed Aug 12 22:15:34.995305 2020] [:error] [pid 4712:tid 980] [client 139.199.184.166:53298] script 'C:/wamp/www/code.php' not found or unable to stat
[Wed Aug 12 22:15:35.754448 2020] [:error] [pid 4712:tid 980] [client 139.199.184.166:53505] script 'C:/wamp/www/ss.php' not found or unable to stat
[Wed Aug 12 22:15:36.511590 2020] [:error] [pid 4712:tid 980] [client 139.199.184.166:53505] script 'C:/wamp/www/php.php' not found or unable to stat
[Wed Aug 12 22:15:36.737930 2020] [:error] [pid 4712:tid 980] [client 139.199.184.166:53505] script 'C:/wamp/www/about.php' not found or unable to stat
[Wed Aug 12 22:15:37.494070 2020] [:error] [pid 4712:tid 980] [client 139.199.184.166:53505] script 'C:/wamp/www/incs.php' not found or unable to stat
[Wed Aug 12 22:15:37.828574 2020] [:error] [pid 4712:tid 980] [client 139.199.184.166:53505] script 'C:/wamp/www/159.php' not found or unable to stat
[Wed Aug 12 22:15:39.132540 2020] [:error] [pid 4712:tid 980] [client 139.199.184.166:53505] script 'C:/wamp/www/test.php' not found or unable to stat
[Wed Aug 12 22:15:39.382915 2020] [:error] [pid 4712:tid 980] [client 139.199.184.166:53505] script 'C:/wamp/www/test1.php' not found or unable to stat
[Wed Aug 12 22:15:48.606805 2020] [:error] [pid 4712:tid 980] [client 139.199.184.166:55085] script 'C:/wamp/www/webconfig.txt.php' not found or unable to stat
[Wed Aug 12 22:15:49.067499 2020] [:error] [pid 4712:tid 980] [client 139.199.184.166:55085] script 'C:/wamp/www/api.php' not found or unable to stat
[Wed Aug 12 22:15:49.298847 2020] [:error] [pid 4712:tid 980] [client 139.199.184.166:55085] script 'C:/wamp/www/luso.php' not found or unable to stat
[Wed Aug 12 22:15:50.795097 2020] [:error] [pid 4712:tid 980] [client 139.199.184.166:55085] script 'C:/wamp/www/1ndex.php' not found or unable to stat
[Wed Aug 12 22:15:51.041468 2020] [:error] [pid 4712:tid 980] [client 139.199.184.166:55085] script 'C:/wamp/www/indexbak.php' not found or unable to stat
[Wed Aug 12 22:15:51.271815 2020] [:error] [pid 4712:tid 980] [client 139.199.184.166:55085] script 'C:/wamp/www/4o4.php' not found or unable to stat
[Wed Aug 12 22:15:52.795110 2020] [:error] [pid 4712:tid 980] [client 139.199.184.166:55085] script 'C:/wamp/www/xmlrpc.php' not found or unable to stat
[Wed Aug 12 22:16:51.948182 2020] [:error] [pid 4712:tid 884] [client 139.199.184.166:64685] script 'C:/wamp/www/dong.php' not found or unable to stat
[Wed Aug 12 22:16:53.591656 2020] [:error] [pid 4712:tid 884] [client 139.199.184.166:64685] script 'C:/wamp/www/xun.php' not found or unable to stat
[Wed Aug 12 22:17:03.098974 2020] [:error] [pid 4712:tid 884] [client 139.199.184.166:64685] script 'C:/wamp/www/datas.php' not found or unable to stat
[Wed Aug 12 22:17:03.928219 2020] [:error] [pid 4712:tid 884] [client 139.199.184.166:64685] script 'C:/wamp/www/aojiao.php' not found or unable to stat
[Wed Aug 12 22:17:04.156562 2020] [:error] [pid 4712:tid 884] [client 139.199.184.166:64685] script 'C:/wamp/www/guipu.php' not found or unable to stat
[Wed Aug 12 22:17:04.384906 2020] [:error] [pid 4712:tid 884] [client 139.199.184.166:64685] script 'C:/wamp/www/zhui.php' not found or unable to stat
[Wed Aug 12 22:17:05.598735 2020] [:error] [pid 4712:tid 884] [client 139.199.184.166:64685] script 'C:/wamp/www/ji.php' not found or unable to stat
[Wed Aug 12 22:17:06.496087 2020] [:error] [pid 4712:tid 884] [client 139.199.184.166:64685] script 'C:/wamp/www/xing.php' not found or unable to stat
[Wed Aug 12 22:17:09.561702 2020] [:error] [pid 4712:tid 884] [client 139.199.184.166:64685] script 'C:/wamp/www/c.php' not found or unable to stat
[Wed Aug 12 22:17:09.790046 2020] [:error] [pid 4712:tid 884] [client 139.199.184.166:64685] script 'C:/wamp/www/c.php' not found or unable to stat
[Wed Aug 12 22:17:10.018390 2020] [:error] [pid 4712:tid 884] [client 139.199.184.166:64685] script 'C:/wamp/www/test.php' not found or unable to stat
[Wed Aug 12 22:17:10.246734 2020] [:error] [pid 4712:tid 884] [client 139.199.184.166:64685] script 'C:/wamp/www/laobiao.php' not found or unable to stat
[Wed Aug 12 22:17:11.105027 2020] [:error] [pid 4712:tid 884] [client 139.199.184.166:64685] script 'C:/wamp/www/sample.php' not found or unable to stat
[Wed Aug 12 22:17:19.269318 2020] [:error] [pid 4712:tid 884] [client 139.199.184.166:64685] script 'C:/wamp/www/shell.php' not found or unable to stat
[Wed Aug 12 22:17:23.059006 2020] [:error] [pid 4712:tid 884] [client 139.199.184.166:64685] script 'C:/wamp/www/12.php' not found or unable to stat
[Wed Aug 12 22:17:23.317394 2020] [:error] [pid 4712:tid 884] [client 139.199.184.166:64685] script 'C:/wamp/www/ecmsmod.php' not found or unable to stat
[Wed Aug 12 22:17:35.902282 2020] [:error] [pid 4712:tid 884] [client 139.199.184.166:64685] script 'C:/wamp/www/user.php' not found or unable to stat, referer: 554fcae493e564ee0dc75bdf2ebf94caads|a:3:{s:2:"id";s:3:"'/*";s:3:"num";s:141:"*/ union select 1,0x272F2A,3,4,5,6,7,8,0x7b247b24524345275d3b6469652f2a2a2f286d6435284449524543544f52595f534550415241544f5229293b2f2f7d7d,0--";s:4:"name";s:3:"ads";}554fcae493e564ee0dc75bdf2ebf94ca
[Wed Aug 12 22:17:36.663425 2020] [authz_core:error] [pid 4712:tid 884] [client 139.199.184.166:64685] AH01630: client denied by server configuration: C:/wamp/apps/phpmyadmin3.5.1/index.php
[Wed Aug 12 22:18:12.166708 2020] [authz_core:error] [pid 4712:tid 884] [client 139.199.184.166:61715] AH01630: client denied by server configuration: C:/wamp/apps/phpmyadmin3.5.1/phpmyadmin
[Thu Aug 13 10:54:38.477675 2020] [:error] [pid 4712:tid 956] [client 106.13.43.8:47618] script 'C:/wamp/www/elrekt.php' not found or unable to stat
[Thu Aug 13 13:08:53.020774 2020] [core:error] [pid 4712:tid 956] (20024)The given path is misformatted or contained invalid characters: [client 51.159.20.82:36366] AH00127: Cannot map GET /w00tw00t.at.blackhats.romanian.anti-sec:) HTTP/1.1 to file
[Thu Aug 13 13:08:53.032792 2020] [authz_core:error] [pid 4712:tid 896] [client 51.159.20.82:36584] AH01630: client denied by server configuration: C:/wamp/apps/phpmyadmin3.5.1/scripts
[Thu Aug 13 13:08:53.067845 2020] [core:error] [pid 4712:tid 988] [client 51.159.20.82:36938] AH00126: Invalid URI in request GET  HTTP/1.1
[Thu Aug 13 21:29:15.399905 2020] [:error] [pid 4712:tid 988] [client 5.188.210.227:62922] script 'C:/wamp/www/echo.php' not found or unable to stat, referer: https://www.google.com/
[Fri Aug 14 01:25:26.345887 2020] [authz_core:error] [pid 4712:tid 988] [client 195.116.52.21:57298] AH01630: client denied by server configuration: C:/wamp/apps/phpmyadmin3.5.1/
[Fri Aug 14 02:44:24.818881 2020] [authz_core:error] [pid 4712:tid 988] [client 110.49.169.180:65045] AH01630: client denied by server configuration: C:/wamp/apps/phpmyadmin3.5.1/
[Fri Aug 14 05:47:05.919628 2020] [mpm_winnt:warn] [pid 4712:tid 1184] (OS 64)The specified network name is no longer available.  : AH00341: winnt_accept: Asynchronous AcceptEx failed.
[Sat Aug 15 11:40:30.986603 2020] [cgi:error] [pid 4712:tid 988] [client 200.119.45.66:33262] script not found or unable to stat: C:/wamp/bin/apache/apache2.4.2/cgi-bin/mainfunction.cgi
[Sat Aug 15 11:40:33.270038 2020] [cgi:error] [pid 4712:tid 988] [client 200.119.45.66:33303] script not found or unable to stat: C:/wamp/bin/apache/apache2.4.2/cgi-bin/mainfunction.cgi
[Sat Aug 15 12:48:26.101672 2020] [core:error] [pid 4712:tid 988] (20024)The given path is misformatted or contained invalid characters: [client 195.154.94.246:50482] AH00127: Cannot map GET /w00tw00t.at.blackhats.romanian.anti-sec:) HTTP/1.1 to file
[Sat Aug 15 12:48:26.113690 2020] [authz_core:error] [pid 4712:tid 896] [client 195.154.94.246:50694] AH01630: client denied by server configuration: C:/wamp/apps/phpmyadmin3.5.1/scripts
[Sat Aug 15 12:48:51.062240 2020] [core:error] [pid 4712:tid 896] (20024)The given path is misformatted or contained invalid characters: [client 195.154.94.246:37242] AH00127: Cannot map GET /w00tw00t.at.blackhats.romanian.anti-sec:) HTTP/1.1 to file
[Sat Aug 15 12:48:51.074258 2020] [authz_core:error] [pid 4712:tid 988] [client 195.154.94.246:37408] AH01630: client denied by server configuration: C:/wamp/apps/phpmyadmin3.5.1/scripts
[Sat Aug 15 12:49:39.056481 2020] [core:error] [pid 4712:tid 988] (20024)The given path is misformatted or contained invalid characters: [client 195.154.94.246:60282] AH00127: Cannot map GET /w00tw00t.at.blackhats.romanian.anti-sec:) HTTP/1.1 to file
[Sat Aug 15 12:49:39.078514 2020] [authz_core:error] [pid 4712:tid 896] [client 195.154.94.246:60452] AH01630: client denied by server configuration: C:/wamp/apps/phpmyadmin3.5.1/scripts
[Sat Aug 15 12:56:13.239695 2020] [cgi:error] [pid 4712:tid 896] [client 5.39.86.144:42435] script not found or unable to stat: C:/wamp/bin/apache/apache2.4.2/cgi-bin/php
[Sat Aug 15 12:56:13.403941 2020] [cgi:error] [pid 4712:tid 896] [client 5.39.86.144:42472] script not found or unable to stat: C:/wamp/bin/apache/apache2.4.2/cgi-bin/php5
[Sat Aug 15 12:56:13.532133 2020] [authz_core:error] [pid 4712:tid 896] [client 5.39.86.144:42511] AH01630: client denied by server configuration: C:/wamp/apps/phpmyadmin3.5.1/
[Sat Aug 15 12:56:18.841101 2020] [:error] [pid 4712:tid 896] [client 5.39.86.144:43615] script 'C:/wamp/www/wp-login.php' not found or unable to stat
[Sat Aug 15 13:09:26.792134 2020] [core:error] [pid 4712:tid 896] (20024)The given path is misformatted or contained invalid characters: [client 80.82.65.62:50192] AH00127: Cannot map GET /w00tw00t.at.blackhats.romanian.anti-sec:) HTTP/1.1 to file
[Sat Aug 15 13:09:27.096591 2020] [authz_core:error] [pid 4712:tid 1056] [client 80.82.65.62:52228] AH01630: client denied by server configuration: C:/wamp/apps/phpmyadmin3.5.1/scripts
[Sat Aug 15 13:09:27.165695 2020] [authz_core:error] [pid 4712:tid 860] [client 80.82.65.62:52538] AH01630: client denied by server configuration: C:/wamp/apps/phpmyadmin3.5.1/scripts
[Sat Aug 15 13:09:27.371003 2020] [:error] [pid 4712:tid 1004] [client 80.82.65.62:53510] script 'C:/wamp/www/setup.php' not found or unable to stat
[Sun Aug 16 01:26:29.588551 2020] [authz_core:error] [pid 4712:tid 912] [client 84.16.248.172:56666] AH01630: client denied by server configuration: C:/wamp/apps/phpmyadmin3.5.1/scripts
[Sun Aug 16 01:26:29.867970 2020] [authz_core:error] [pid 4712:tid 924] [client 84.16.248.172:56882] AH01630: client denied by server configuration: C:/wamp/apps/phpmyadmin3.5.1/scripts
[Sun Aug 16 01:26:30.160409 2020] [authz_core:error] [pid 4712:tid 948] [client 84.16.248.172:58086] AH01630: client denied by server configuration: C:/wamp/apps/phpmyadmin3.5.1/scripts
[Sun Aug 16 01:26:30.915542 2020] [:error] [pid 4712:tid 808] [client 84.16.248.172:59882] script 'C:/wamp/www/setup.php' not found or unable to stat
[Sun Aug 16 05:26:22.633096 2020] [mpm_winnt:warn] [pid 4712:tid 1184] (OS 64)The specified network name is no longer available.  : AH00341: winnt_accept: Asynchronous AcceptEx failed.
[Sun Aug 16 06:29:31.868972 2020] [cgi:error] [pid 4712:tid 808] [client 103.141.104.10:41506] script not found or unable to stat: C:/wamp/bin/apache/apache2.4.2/cgi-bin/kerbynet
[Sun Aug 16 06:29:31.886999 2020] [cgi:error] [pid 4712:tid 816] [client 103.141.104.10:61089] script not found or unable to stat: C:/wamp/bin/apache/apache2.4.2/cgi-bin/kerbynet
[Sun Aug 16 06:29:31.889002 2020] [cgi:error] [pid 4712:tid 824] [client 103.141.104.10:37921] script not found or unable to stat: C:/wamp/bin/apache/apache2.4.2/cgi-bin/kerbynet
[Sun Aug 16 06:29:31.896012 2020] [cgi:error] [pid 4712:tid 828] [client 103.141.104.10:58654] script not found or unable to stat: C:/wamp/bin/apache/apache2.4.2/cgi-bin/kerbynet
[Sun Aug 16 06:29:31.909031 2020] [cgi:error] [pid 4712:tid 848] [client 103.141.104.10:63778] script not found or unable to stat: C:/wamp/bin/apache/apache2.4.2/cgi-bin/kerbynet
[Sun Aug 16 06:29:31.910033 2020] [cgi:error] [pid 4712:tid 900] [client 103.141.104.10:36898] script not found or unable to stat: C:/wamp/bin/apache/apache2.4.2/cgi-bin/kerbynet
[Sun Aug 16 06:29:31.910033 2020] [cgi:error] [pid 4712:tid 840] [client 103.141.104.10:47535] script not found or unable to stat: C:/wamp/bin/apache/apache2.4.2/cgi-bin/kerbynet
[Sun Aug 16 06:29:31.910033 2020] [cgi:error] [pid 4712:tid 896] [client 103.141.104.10:31738] script not found or unable to stat: C:/wamp/bin/apache/apache2.4.2/cgi-bin/kerbynet
[Sun Aug 16 06:29:31.910033 2020] [cgi:error] [pid 4712:tid 884] [client 103.141.104.10:48802] script not found or unable to stat: C:/wamp/bin/apache/apache2.4.2/cgi-bin/kerbynet
[Sun Aug 16 06:29:31.913038 2020] [cgi:error] [pid 4712:tid 948] [client 103.141.104.10:59482] script not found or unable to stat: C:/wamp/bin/apache/apache2.4.2/cgi-bin/kerbynet
[Sun Aug 16 06:29:31.913038 2020] [cgi:error] [pid 4712:tid 956] [client 103.141.104.10:59500] script not found or unable to stat: C:/wamp/bin/apache/apache2.4.2/cgi-bin/kerbynet
[Sun Aug 16 06:29:31.913038 2020] [cgi:error] [pid 4712:tid 988] [client 103.141.104.10:59935] script not found or unable to stat: C:/wamp/bin/apache/apache2.4.2/cgi-bin/kerbynet
[Sun Aug 16 08:36:10.867050 2020] [cgi:error] [pid 4712:tid 956] [client 103.141.104.10:3612] script not found or unable to stat: C:/wamp/bin/apache/apache2.4.2/cgi-bin/kerbynet
[Sun Aug 16 08:42:06.836880 2020] [cgi:error] [pid 4712:tid 956] [client 103.141.104.10:45346] script not found or unable to stat: C:/wamp/bin/apache/apache2.4.2/cgi-bin/kerbynet
[Sun Aug 16 08:42:06.892964 2020] [cgi:error] [pid 4712:tid 948] [client 103.141.104.10:50062] script not found or unable to stat: C:/wamp/bin/apache/apache2.4.2/cgi-bin/kerbynet
[Sun Aug 16 08:42:06.898973 2020] [cgi:error] [pid 4712:tid 988] [client 103.141.104.10:62752] script not found or unable to stat: C:/wamp/bin/apache/apache2.4.2/cgi-bin/kerbynet
[Sun Aug 16 08:42:07.884456 2020] [cgi:error] [pid 4712:tid 900] [client 103.141.104.10:13345] script not found or unable to stat: C:/wamp/bin/apache/apache2.4.2/cgi-bin/kerbynet
[Sun Aug 16 08:55:32.799331 2020] [cgi:error] [pid 4712:tid 900] [client 103.141.104.10:52080] script not found or unable to stat: C:/wamp/bin/apache/apache2.4.2/cgi-bin/kerbynet
[Sun Aug 16 08:55:32.808344 2020] [cgi:error] [pid 4712:tid 988] [client 103.141.104.10:51242] script not found or unable to stat: C:/wamp/bin/apache/apache2.4.2/cgi-bin/kerbynet
[Sun Aug 16 08:55:32.814353 2020] [cgi:error] [pid 4712:tid 948] [client 103.141.104.10:5171] script not found or unable to stat: C:/wamp/bin/apache/apache2.4.2/cgi-bin/kerbynet
[Sun Aug 16 08:55:32.814353 2020] [cgi:error] [pid 4712:tid 956] [client 103.141.104.10:40800] script not found or unable to stat: C:/wamp/bin/apache/apache2.4.2/cgi-bin/kerbynet
[Sun Aug 16 09:51:17.046339 2020] [cgi:error] [pid 4712:tid 956] [client 103.141.104.10:39904] script not found or unable to stat: C:/wamp/bin/apache/apache2.4.2/cgi-bin/kerbynet
[Sun Aug 16 09:51:17.915649 2020] [cgi:error] [pid 4712:tid 948] [client 103.141.104.10:27449] script not found or unable to stat: C:/wamp/bin/apache/apache2.4.2/cgi-bin/kerbynet
[Sun Aug 16 11:45:20.267300 2020] [mpm_winnt:warn] [pid 4712:tid 1184] (OS 64)The specified network name is no longer available.  : AH00341: winnt_accept: Asynchronous AcceptEx failed.
[Sun Aug 16 14:43:14.907072 2020] [cgi:error] [pid 4712:tid 948] [client 103.141.104.10:54306] script not found or unable to stat: C:/wamp/bin/apache/apache2.4.2/cgi-bin/kerbynet
[Sun Aug 16 14:43:15.941627 2020] [cgi:error] [pid 4712:tid 956] [client 103.141.104.10:44202] script not found or unable to stat: C:/wamp/bin/apache/apache2.4.2/cgi-bin/kerbynet
[Sun Aug 16 14:43:15.969669 2020] [cgi:error] [pid 4712:tid 988] [client 103.141.104.10:25890] script not found or unable to stat: C:/wamp/bin/apache/apache2.4.2/cgi-bin/kerbynet
[Sun Aug 16 14:43:15.969669 2020] [cgi:error] [pid 4712:tid 900] [client 103.141.104.10:46842] script not found or unable to stat: C:/wamp/bin/apache/apache2.4.2/cgi-bin/kerbynet
[Sun Aug 16 19:58:51.280485 2020] [core:error] [pid 4712:tid 900] (20024)The given path is misformatted or contained invalid characters: [client 195.154.94.15:56792] AH00127: Cannot map GET /w00tw00t.at.blackhats.romanian.anti-sec:) HTTP/1.1 to file
[Sun Aug 16 19:58:51.282488 2020] [core:error] [pid 4712:tid 988] (20024)The given path is misformatted or contained invalid characters: [client 195.154.94.15:56838] AH00127: Cannot map GET /w00tw00t.at.blackhats.romanian.anti-sec:) HTTP/1.1 to file
[Sun Aug 16 19:58:51.294506 2020] [core:error] [pid 4712:tid 956] (20024)The given path is misformatted or contained invalid characters: [client 195.154.94.15:57130] AH00127: Cannot map GET /w00tw00t.at.blackhats.romanian.anti-sec:) HTTP/1.1 to file
[Sun Aug 16 19:58:51.294506 2020] [authz_core:error] [pid 4712:tid 884] [client 195.154.94.15:57268] AH01630: client denied by server configuration: C:/wamp/apps/phpmyadmin3.5.1/scripts
[Sun Aug 16 19:58:51.294506 2020] [authz_core:error] [pid 4712:tid 948] [client 195.154.94.15:57214] AH01630: client denied by server configuration: C:/wamp/apps/phpmyadmin3.5.1/scripts
[Sun Aug 16 19:58:51.306524 2020] [authz_core:error] [pid 4712:tid 896] [client 195.154.94.15:57670] AH01630: client denied by server configuration: C:/wamp/apps/phpmyadmin3.5.1/scripts
[Sun Aug 16 23:35:24.321147 2020] [:error] [pid 4712:tid 824] [client 114.247.103.116:49586] script 'C:/wamp/www/xmlrpc.php' not found or unable to stat
[Sun Aug 16 23:41:22.180317 2020] [cgi:error] [pid 4712:tid 816] [client 200.119.45.66:53834] script not found or unable to stat: C:/wamp/bin/apache/apache2.4.2/cgi-bin/mainfunction.cgi
[Sun Aug 16 23:41:24.648029 2020] [cgi:error] [pid 4712:tid 816] [client 200.119.45.66:53920] script not found or unable to stat: C:/wamp/bin/apache/apache2.4.2/cgi-bin/mainfunction.cgi
[Mon Aug 17 04:14:08.256075 2020] [:error] [pid 4712:tid 816] [client 122.51.203.249:45722] script 'C:/wamp/www/elrekt.php' not found or unable to stat
[Mon Aug 17 06:50:43.539726 2020] [mpm_winnt:warn] [pid 4712:tid 1184] (OS 64)The specified network name is no longer available.  : AH00341: winnt_accept: Asynchronous AcceptEx failed.
[Mon Aug 17 07:35:13.503118 2020] [:error] [pid 4712:tid 896] [client 150.158.185.176:43844] script 'C:/wamp/www/elrekt.php' not found or unable to stat
[Mon Aug 17 16:47:50.041594 2020] [cgi:error] [pid 4712:tid 896] [client 103.141.104.10:54070] script not found or unable to stat: C:/wamp/bin/apache/apache2.4.2/cgi-bin/kerbynet
[Mon Aug 17 16:47:50.083658 2020] [cgi:error] [pid 4712:tid 824] [client 103.141.104.10:47246] script not found or unable to stat: C:/wamp/bin/apache/apache2.4.2/cgi-bin/kerbynet
[Mon Aug 17 16:47:50.119711 2020] [cgi:error] [pid 4712:tid 848] [client 103.141.104.10:37280] script not found or unable to stat: C:/wamp/bin/apache/apache2.4.2/cgi-bin/kerbynet
[Mon Aug 17 16:47:50.140743 2020] [cgi:error] [pid 4712:tid 884] [client 103.141.104.10:42336] script not found or unable to stat: C:/wamp/bin/apache/apache2.4.2/cgi-bin/kerbynet
[Mon Aug 17 17:51:13.960957 2020] [cgi:error] [pid 4712:tid 884] [client 103.141.104.10:45473] script not found or unable to stat: C:/wamp/bin/apache/apache2.4.2/cgi-bin/kerbynet
[Mon Aug 17 17:51:13.982990 2020] [cgi:error] [pid 4712:tid 848] [client 103.141.104.10:58076] script not found or unable to stat: C:/wamp/bin/apache/apache2.4.2/cgi-bin/kerbynet
[Mon Aug 17 19:38:37.084151 2020] [:error] [pid 4712:tid 884] [client 178.128.194.144:58322] script 'C:/wamp/www/test.php' not found or unable to stat
[Tue Aug 18 02:47:42.987062 2020] [cgi:error] [pid 4712:tid 884] [client 202.152.34.83:58984] script not found or unable to stat: C:/wamp/bin/apache/apache2.4.2/cgi-bin/kerbynet
[Tue Aug 18 08:42:12.104413 2020] [cgi:error] [pid 4712:tid 848] [client 103.141.104.10:34209] script not found or unable to stat: C:/wamp/bin/apache/apache2.4.2/cgi-bin/kerbynet
[Tue Aug 18 08:42:12.144474 2020] [cgi:error] [pid 4712:tid 824] [client 103.141.104.10:12128] script not found or unable to stat: C:/wamp/bin/apache/apache2.4.2/cgi-bin/kerbynet
[Tue Aug 18 08:49:24.787638 2020] [authz_core:error] [pid 4712:tid 824] [client 91.83.84.99:25380] AH01630: client denied by server configuration: C:/wamp/apps/phpmyadmin3.5.1/
[Tue Aug 18 14:08:57.068514 2020] [cgi:error] [pid 4712:tid 848] [client 103.141.104.10:26401] script not found or unable to stat: C:/wamp/bin/apache/apache2.4.2/cgi-bin/kerbynet
[Tue Aug 18 14:08:57.153642 2020] [cgi:error] [pid 4712:tid 824] [client 103.141.104.10:53051] script not found or unable to stat: C:/wamp/bin/apache/apache2.4.2/cgi-bin/kerbynet
[Tue Aug 18 23:54:20.195420 2020] [cgi:error] [pid 4712:tid 824] [client 143.255.198.242:59501] script not found or unable to stat: C:/wamp/bin/apache/apache2.4.2/cgi-bin/mainfunction.cgi
[Tue Aug 18 23:54:23.237000 2020] [cgi:error] [pid 4712:tid 824] [client 143.255.198.242:59586] script not found or unable to stat: C:/wamp/bin/apache/apache2.4.2/cgi-bin/mainfunction.cgi
[Wed Aug 19 02:48:21.856621 2020] [:error] [pid 4712:tid 824] [client 47.52.98.110:41894] script 'C:/wamp/www/xmlrpc.php' not found or unable to stat
[Wed Aug 19 02:49:27.736548 2020] [:error] [pid 4712:tid 848] [client 47.52.98.110:60522] script 'C:/wamp/www/xmlrpc.php' not found or unable to stat
[Wed Aug 19 02:51:50.463507 2020] [:error] [pid 4712:tid 824] [client 47.52.98.110:41698] script 'C:/wamp/www/xmlrpc.php' not found or unable to stat
[Wed Aug 19 02:55:47.321230 2020] [cgi:error] [pid 4712:tid 848] [client 93.51.11.154:59573] script not found or unable to stat: C:/wamp/bin/apache/apache2.4.2/cgi-bin/hi3510
[Wed Aug 19 02:58:15.895995 2020] [cgi:error] [pid 4712:tid 848] [client 103.3.76.211:31208] script not found or unable to stat: C:/wamp/bin/apache/apache2.4.2/cgi-bin/kerbynet
[Wed Aug 19 02:58:15.896997 2020] [cgi:error] [pid 4712:tid 824] [client 202.152.34.83:41654] script not found or unable to stat: C:/wamp/bin/apache/apache2.4.2/cgi-bin/kerbynet
[Wed Aug 19 02:58:15.952080 2020] [cgi:error] [pid 4712:tid 884] [client 103.3.76.211:18010] script not found or unable to stat: C:/wamp/bin/apache/apache2.4.2/cgi-bin/kerbynet
[Wed Aug 19 02:58:16.909523 2020] [cgi:error] [pid 4712:tid 896] [client 103.3.76.211:44369] script not found or unable to stat: C:/wamp/bin/apache/apache2.4.2/cgi-bin/kerbynet
[Wed Aug 19 03:34:49.121930 2020] [cgi:error] [pid 4712:tid 896] [client 36.91.12.35:34037] script not found or unable to stat: C:/wamp/bin/apache/apache2.4.2/cgi-bin/kerbynet
[Wed Aug 19 03:34:50.011270 2020] [cgi:error] [pid 4712:tid 884] [client 103.3.76.211:35609] script not found or unable to stat: C:/wamp/bin/apache/apache2.4.2/cgi-bin/kerbynet
[Wed Aug 19 08:15:35.735916 2020] [core:error] [pid 4712:tid 884] [client 176.58.118.253:49636] AH00126: Invalid URI in request \xbd\xff\x9e\xffE\xff\x9e\xff\xbd\xff\x9e\xff\xa4\xff\x86\xff\xc4\xff\xbe\xff\xc7\xff\xdb\xff\xee\xffx\\d9\xff\xed\xff\xa4\xff\x9d\xff\xcf\xff\xd8\xff\xe5\xff\x04\xff\x12\xff0\xff\xb1\xff\xbd\xff\xe7\xff\xe2\xff\xdd\xff\xdc\xff\xde\xff\xc8\xff\xcc\xff\xbe\xff\xf8\xff&\xff\x01\xff\x0f\xff\xf5\xff\x06\xff\xff\xff\xf7\xff!\xff\xde\xff\x02\xff&\xff\x0c\xff\x01\xff\xf5\xff
[Wed Aug 19 18:11:53.421221 2020] [cgi:error] [pid 4712:tid 896] [client 103.3.76.211:38870] script not found or unable to stat: C:/wamp/bin/apache/apache2.4.2/cgi-bin/kerbynet
[Wed Aug 19 18:17:37.838943 2020] [cgi:error] [pid 4712:tid 896] [client 94.20.64.42:41472] script not found or unable to stat: C:/wamp/bin/apache/apache2.4.2/cgi-bin/mainfunction.cgi
[Wed Aug 19 18:17:40.582122 2020] [cgi:error] [pid 4712:tid 896] [client 94.20.64.42:41546] script not found or unable to stat: C:/wamp/bin/apache/apache2.4.2/cgi-bin/mainfunction.cgi
[Wed Aug 19 20:58:27.065256 2020] [mpm_winnt:warn] [pid 4712:tid 1184] (OS 64)The specified network name is no longer available.  : AH00341: winnt_accept: Asynchronous AcceptEx failed.
[Wed Aug 19 23:38:01.857454 2020] [cgi:error] [pid 4712:tid 896] [client 202.152.34.83:14373] script not found or unable to stat: C:/wamp/bin/apache/apache2.4.2/cgi-bin/kerbynet
[Wed Aug 19 23:38:02.942085 2020] [cgi:error] [pid 4712:tid 884] [client 202.152.34.83:34469] script not found or unable to stat: C:/wamp/bin/apache/apache2.4.2/cgi-bin/kerbynet
[Thu Aug 20 06:02:34.245406 2020] [:error] [pid 4712:tid 824] [client 119.45.140.153:40994] script 'C:/wamp/www/elrekt.php' not found or unable to stat
[Thu Aug 20 06:12:59.323697 2020] [mpm_winnt:warn] [pid 4712:tid 1184] (OS 64)The specified network name is no longer available.  : AH00341: winnt_accept: Asynchronous AcceptEx failed.
[Thu Aug 20 06:53:44.612493 2020] [cgi:error] [pid 4712:tid 848] [client 74.102.39.43:40662] script not found or unable to stat: C:/wamp/bin/apache/apache2.4.2/cgi-bin/mainfunction.cgi
[Thu Aug 20 12:01:57.166479 2020] [cgi:error] [pid 4712:tid 848] [client 93.51.11.154:31078] script not found or unable to stat: C:/wamp/bin/apache/apache2.4.2/cgi-bin/hi3510
[Thu Aug 20 20:48:16.126359 2020] [:error] [pid 4712:tid 848] [client 120.27.218.131:58160] script 'C:/wamp/www/elrekt.php' not found or unable to stat
[Fri Aug 21 04:26:16.143451 2020] [authz_core:error] [pid 4712:tid 848] [client 51.159.71.71:55032] AH01630: client denied by server configuration: C:/wamp/apps/phpmyadmin3.5.1/scripts
[Fri Aug 21 05:43:12.375264 2020] [cgi:error] [pid 4712:tid 848] [client 103.141.104.10:43425] script not found or unable to stat: C:/wamp/bin/apache/apache2.4.2/cgi-bin/kerbynet
[Fri Aug 21 05:43:12.379269 2020] [cgi:error] [pid 4712:tid 816] [client 103.141.104.10:4087] script not found or unable to stat: C:/wamp/bin/apache/apache2.4.2/cgi-bin/kerbynet
[Fri Aug 21 05:43:12.388283 2020] [cgi:error] [pid 4712:tid 884] [client 103.141.104.10:19746] script not found or unable to stat: C:/wamp/bin/apache/apache2.4.2/cgi-bin/kerbynet
[Fri Aug 21 05:43:12.402304 2020] [cgi:error] [pid 4712:tid 824] [client 103.141.104.10:3938] script not found or unable to stat: C:/wamp/bin/apache/apache2.4.2/cgi-bin/kerbynet
[Fri Aug 21 05:43:12.402304 2020] [cgi:error] [pid 4712:tid 896] [client 103.141.104.10:13774] script not found or unable to stat: C:/wamp/bin/apache/apache2.4.2/cgi-bin/kerbynet
[Fri Aug 21 05:43:12.426993 2020] [cgi:error] [pid 4712:tid 956] [client 103.141.104.10:24609] script not found or unable to stat: C:/wamp/bin/apache/apache2.4.2/cgi-bin/kerbynet
[Fri Aug 21 05:43:12.430038 2020] [cgi:error] [pid 4712:tid 988] [client 103.141.104.10:44116] script not found or unable to stat: C:/wamp/bin/apache/apache2.4.2/cgi-bin/kerbynet
[Fri Aug 21 06:24:30.412063 2020] [cgi:error] [pid 4712:tid 988] [client 103.141.104.10:19298] script not found or unable to stat: C:/wamp/bin/apache/apache2.4.2/cgi-bin/kerbynet
[Fri Aug 21 06:30:41.391338 2020] [cgi:error] [pid 4712:tid 988] [client 103.141.104.10:15842] script not found or unable to stat: C:/wamp/bin/apache/apache2.4.2/cgi-bin/kerbynet
[Fri Aug 21 06:30:41.403404 2020] [cgi:error] [pid 4712:tid 956] [client 103.141.104.10:16939] script not found or unable to stat: C:/wamp/bin/apache/apache2.4.2/cgi-bin/kerbynet
[Fri Aug 21 06:30:41.409469 2020] [cgi:error] [pid 4712:tid 824] [client 103.141.104.10:46242] script not found or unable to stat: C:/wamp/bin/apache/apache2.4.2/cgi-bin/kerbynet
[Fri Aug 21 06:30:41.413506 2020] [cgi:error] [pid 4712:tid 896] [client 103.141.104.10:14534] script not found or unable to stat: C:/wamp/bin/apache/apache2.4.2/cgi-bin/kerbynet
[Fri Aug 21 06:30:41.450809 2020] [cgi:error] [pid 4712:tid 884] [client 103.141.104.10:55712] script not found or unable to stat: C:/wamp/bin/apache/apache2.4.2/cgi-bin/kerbynet
[Fri Aug 21 06:35:04.394971 2020] [core:error] [pid 4712:tid 884] (20024)The given path is misformatted or contained invalid characters: [client 51.15.162.169:34676] AH00127: Cannot map GET /w00tw00t.at.blackhats.romanian.anti-sec:) HTTP/1.1 to file
[Fri Aug 21 06:35:04.406025 2020] [authz_core:error] [pid 4712:tid 896] [client 51.15.162.169:35548] AH01630: client denied by server configuration: C:/wamp/apps/phpmyadmin3.5.1/scripts
[Fri Aug 21 08:26:18.370096 2020] [cgi:error] [pid 4712:tid 884] [client 103.141.104.10:52002] script not found or unable to stat: C:/wamp/bin/apache/apache2.4.2/cgi-bin/kerbynet
[Sat Aug 22 06:50:56.882116 2020] [mpm_winnt:warn] [pid 4712:tid 1184] (OS 64)The specified network name is no longer available.  : AH00341: winnt_accept: Asynchronous AcceptEx failed.
[Sat Aug 22 15:23:54.535695 2020] [authz_core:error] [pid 4712:tid 896] [client 222.184.216.139:4735] AH01630: client denied by server configuration: C:/wamp/apps/phpmyadmin3.5.1/
[Sat Aug 22 16:26:32.132666 2020] [cgi:error] [pid 4712:tid 896] [client 202.152.34.83:34823] script not found or unable to stat: C:/wamp/bin/apache/apache2.4.2/cgi-bin/kerbynet
[Sat Aug 22 16:26:32.953079 2020] [cgi:error] [pid 4712:tid 884] [client 202.152.34.83:38309] script not found or unable to stat: C:/wamp/bin/apache/apache2.4.2/cgi-bin/kerbynet
[Sat Aug 22 16:26:34.823604 2020] [cgi:error] [pid 4712:tid 896] [client 202.152.34.83:42954] script not found or unable to stat: C:/wamp/bin/apache/apache2.4.2/cgi-bin/kerbynet
[Sat Aug 22 16:32:53.903448 2020] [cgi:error] [pid 4712:tid 896] [client 202.152.34.83:22452] script not found or unable to stat: C:/wamp/bin/apache/apache2.4.2/cgi-bin/kerbynet
[Sat Aug 22 16:32:55.841102 2020] [cgi:error] [pid 4712:tid 884] [client 103.3.76.211:35884] script not found or unable to stat: C:/wamp/bin/apache/apache2.4.2/cgi-bin/kerbynet
[Sat Aug 22 16:32:56.894094 2020] [cgi:error] [pid 4712:tid 896] [client 103.3.76.211:59510] script not found or unable to stat: C:/wamp/bin/apache/apache2.4.2/cgi-bin/kerbynet
[Sat Aug 22 16:32:57.837637 2020] [cgi:error] [pid 4712:tid 824] [client 103.3.76.211:44171] script not found or unable to stat: C:/wamp/bin/apache/apache2.4.2/cgi-bin/kerbynet
[Sat Aug 22 18:34:19.350036 2020] [mpm_winnt:warn] [pid 4712:tid 1184] (OS 121)The semaphore timeout period has expired.  : AH00341: winnt_accept: Asynchronous AcceptEx failed.
[Sat Aug 22 18:34:19.350036 2020] [cgi:error] [pid 4712:tid 824] [client 36.91.12.35:9866] script not found or unable to stat: C:/wamp/bin/apache/apache2.4.2/cgi-bin/kerbynet
[Sat Aug 22 18:34:19.351038 2020] [cgi:error] [pid 4712:tid 956] [client 103.3.76.211:57769] script not found or unable to stat: C:/wamp/bin/apache/apache2.4.2/cgi-bin/kerbynet
[Sat Aug 22 18:34:19.352039 2020] [cgi:error] [pid 4712:tid 884] [client 103.3.76.211:40089] script not found or unable to stat: C:/wamp/bin/apache/apache2.4.2/cgi-bin/kerbynet
[Sat Aug 22 18:34:19.352039 2020] [cgi:error] [pid 4712:tid 896] [client 103.3.76.211:57068] script not found or unable to stat: C:/wamp/bin/apache/apache2.4.2/cgi-bin/kerbynet
[Sat Aug 22 18:34:19.352039 2020] [cgi:error] [pid 4712:tid 988] [client 202.152.34.83:26846] script not found or unable to stat: C:/wamp/bin/apache/apache2.4.2/cgi-bin/kerbynet
[Sun Aug 23 03:10:27.819571 2020] [mpm_winnt:warn] [pid 4712:tid 1184] (OS 64)The specified network name is no longer available.  : AH00341: winnt_accept: Asynchronous AcceptEx failed.
